// Jest Snapshot v1, https://goo.gl/fbAQLP

exports[`fixture:format:cjs format cjs 1`] = `
"var __defProp = Object.defineProperty;
var __getOwnPropDesc = Object.getOwnPropertyDescriptor;
var __getOwnPropNames = Object.getOwnPropertyNames;
var __hasOwnProp = Object.prototype.hasOwnProperty;
var __export = (target, all) => {
  for (var name in all)
    __defProp(target, name, { get: all[name], enumerable: true });
};
var __copyProps = (to, from, except, desc) => {
  if (from && typeof from === \\"object\\" || typeof from === \\"function\\") {
    for (let key of __getOwnPropNames(from))
      if (!__hasOwnProp.call(to, key) && key !== except)
        __defProp(to, key, { get: () => from[key], enumerable: !(desc = __getOwnPropDesc(from, key)) || desc.enumerable });
  }
  return to;
};
var __toCommonJS = (mod) => __copyProps(__defProp({}, \\"__esModule\\", { value: true }), mod);

// index.ts
var cjs_exports = {};
__export(cjs_exports, {
  a: () => a
});
module.exports = __toCommonJS(cjs_exports);
function a() {
  console.log(1);
}
// Annotate the CommonJS export names for ESM import in node:
0 && (module.exports = {
  a
});
"
`;

exports[`fixture:format:cjs format cjs 2`] = `
"var __defProp = Object.defineProperty;
var __getOwnPropDesc = Object.getOwnPropertyDescriptor;
var __getOwnPropNames = Object.getOwnPropertyNames;
var __hasOwnProp = Object.prototype.hasOwnProperty;
var __export = (target, all) => {
  for (var name in all)
    __defProp(target, name, { get: all[name], enumerable: true });
};
var __copyProps = (to, from, except, desc) => {
  if (from && typeof from === \\"object\\" || typeof from === \\"function\\") {
    for (let key of __getOwnPropNames(from))
      if (!__hasOwnProp.call(to, key) && key !== except)
        __defProp(to, key, { get: () => from[key], enumerable: !(desc = __getOwnPropDesc(from, key)) || desc.enumerable });
  }
  return to;
};
var __toCommonJS = (mod) => __copyProps(__defProp({}, \\"__esModule\\", { value: true }), mod);

// index.ts
var cjs_exports = {};
__export(cjs_exports, {
  a: () => a
});
module.exports = __toCommonJS(cjs_exports);
function a() {
  console.log(1);
}
// Annotate the CommonJS export names for ESM import in node:
0 && (module.exports = {
  a
});
"
`;
