// Jest Snapshot v1, https://goo.gl/fbAQLP

exports[`renderFunction basic usage 1`] = `

  const finalAppConfig = {
    ...App.config,
    ...typeof config === 'function' ? config() : {},
  }

  AppWrapper = createApp({
    plugins: [
     
       
    ]
  })(App)


  if(!AppWrapper.init && typeof appInit !== 'undefined') {
    AppWrapper.init = appInit;
  }


  if (IS_BROWSER) {
    bootstrap(AppWrapper, MOUNT_ID, root, ReactDOM);
  }

  return AppWrapper

`;
