// Jest Snapshot v1, https://goo.gl/fbAQLP

exports[`copy assets should copy public html and replace the assetPrefix variable in rspack 1`] = `
"<!DOCTYPE html>
<html>
  <head>
    <script>
      window.__assetPrefix__ = 'https://demo.com';
      window.__assetPrefix2__ = 'https://demo.com';
      window.__assetPrefix3__ = 'https://demo.com';
    </script>
  </head>
</html>
"
`;
