// Vitest Snapshot v1, https://vitest.dev/guide/snapshot.html

exports[`plugins/define > should allow globalVars to be a function 1`] = `
{
  "plugins": [
    DefinePlugin {
      "definitions": {
        "ENV": "\\"test\\"",
        "TARGET": "\\"web\\"",
        "process.env.ASSET_PREFIX": "\\"\\"",
        "process.env.NODE_ENV": "\\"test\\"",
      },
    },
  ],
}
`;
