// Vitest Snapshot v1

exports[`plugins/react > should work with babel-loader 1`] = `
{
  "module": {
    "rules": [
      {
        "include": [
          {
            "and": [
              "<ROOT>",
              {
                "not": /node_modules/,
              },
            ],
          },
        ],
        "test": /\\\\\\.\\(js\\|mjs\\|cjs\\|jsx\\)\\$\\|\\\\\\.\\(ts\\|mts\\|cts\\|tsx\\)\\$/,
        "use": [
          {
            "loader": "<ROOT>/compiled/babel-loader",
            "options": {
              "babelrc": false,
              "compact": false,
              "configFile": false,
              "plugins": [
                [
                  "<WORKSPACE>/packages/cli/babel-preset-app/src/built-in/babel-plugin-lock-corejs-version",
                ],
                [
                  "<WORKSPACE>/packages/cli/babel-preset-base/compiled/babel-plugin-dynamic-import-node/index.js",
                ],
                [
                  "<WORKSPACE>/packages/cli/babel-preset-base/compiled/babel-plugin-import/index.js",
                  {
                    "libraryDirectory": "es",
                    "libraryName": "antd",
                    "style": true,
                  },
                  "import-antd",
                ],
                [
                  "<WORKSPACE>/packages/cli/babel-preset-base/compiled/babel-plugin-lodash/index.js",
                  {},
                ],
                [
                  "<WORKSPACE>/packages/cli/babel-preset-base/compiled/@babel/plugin-proposal-decorators/index.js",
                  {
                    "legacy": true,
                  },
                ],
                [
                  "<WORKSPACE>/node_modules/<PNPM_INNER>/@babel/plugin-transform-runtime/lib/index.js",
                  {
                    "helpers": false,
                    "regenerator": true,
                    "useESModules": true,
                    "version": "7.18.6",
                  },
                ],
                [
                  "<WORKSPACE>/packages/cli/babel-preset-base/compiled/@babel/plugin-proposal-export-default-from/index.js",
                ],
                [
                  "<WORKSPACE>/packages/cli/babel-preset-base/compiled/@babel/plugin-proposal-pipeline-operator/index.js",
                  {
                    "proposal": "minimal",
                  },
                ],
                [
                  "<WORKSPACE>/packages/cli/babel-preset-base/compiled/@babel/plugin-proposal-partial-application/index.js",
                ],
                [
                  "<WORKSPACE>/packages/cli/babel-preset-base/compiled/babel-plugin-styled-components/index.js",
                  {
                    "displayName": true,
                    "pure": false,
                    "ssr": false,
                    "transpileTemplateLiterals": true,
                  },
                  "styled-components",
                ],
                [
                  "<WORKSPACE>/node_modules/<PNPM_INNER>/react-refresh/babel.js",
                  {
                    "skipEnvCheck": true,
                  },
                ],
              ],
              "presets": [
                [
                  "<WORKSPACE>/node_modules/<PNPM_INNER>/@babel/preset-env/lib/index.js",
                  {
                    "bugfixes": false,
                    "corejs": {
                      "proposals": true,
                      "version": "3.26",
                    },
                    "exclude": [
                      "transform-typeof-symbol",
                    ],
                    "modules": false,
                    "shippedProposals": false,
                    "targets": [
                      "> 0.01%",
                      "not dead",
                      "not op_mini all",
                    ],
                    "useBuiltIns": "entry",
                  },
                ],
                [
                  "<WORKSPACE>/node_modules/<PNPM_INNER>/@babel/preset-react/lib/index.js",
                  {
                    "development": true,
                    "runtime": "classic",
                    "useBuiltIns": true,
                    "useSpread": false,
                  },
                ],
                [
                  "<WORKSPACE>/node_modules/<PNPM_INNER>/@babel/preset-typescript/lib/index.js",
                  {
                    "allExtensions": true,
                    "allowDeclareFields": true,
                    "allowNamespaces": true,
                    "isTSX": true,
                    "optimizeConstEnums": true,
                  },
                ],
              ],
            },
          },
        ],
      },
      {
        "mimetype": {
          "or": [
            "text/javascript",
            "application/javascript",
          ],
        },
        "use": [
          {
            "loader": "<ROOT>/compiled/babel-loader",
            "options": {
              "babelrc": false,
              "compact": false,
              "configFile": false,
              "plugins": [
                [
                  "<WORKSPACE>/packages/cli/babel-preset-app/src/built-in/babel-plugin-lock-corejs-version",
                ],
                [
                  "<WORKSPACE>/packages/cli/babel-preset-base/compiled/babel-plugin-dynamic-import-node/index.js",
                ],
                [
                  "<WORKSPACE>/packages/cli/babel-preset-base/compiled/babel-plugin-import/index.js",
                  {
                    "libraryDirectory": "es",
                    "libraryName": "antd",
                    "style": true,
                  },
                  "import-antd",
                ],
                [
                  "<WORKSPACE>/packages/cli/babel-preset-base/compiled/babel-plugin-lodash/index.js",
                  {},
                ],
                [
                  "<WORKSPACE>/packages/cli/babel-preset-base/compiled/@babel/plugin-proposal-decorators/index.js",
                  {
                    "legacy": true,
                  },
                ],
                [
                  "<WORKSPACE>/node_modules/<PNPM_INNER>/@babel/plugin-transform-runtime/lib/index.js",
                  {
                    "helpers": false,
                    "regenerator": true,
                    "useESModules": true,
                    "version": "7.18.6",
                  },
                ],
                [
                  "<WORKSPACE>/packages/cli/babel-preset-base/compiled/@babel/plugin-proposal-export-default-from/index.js",
                ],
                [
                  "<WORKSPACE>/packages/cli/babel-preset-base/compiled/@babel/plugin-proposal-pipeline-operator/index.js",
                  {
                    "proposal": "minimal",
                  },
                ],
                [
                  "<WORKSPACE>/packages/cli/babel-preset-base/compiled/@babel/plugin-proposal-partial-application/index.js",
                ],
                [
                  "<WORKSPACE>/packages/cli/babel-preset-base/compiled/babel-plugin-styled-components/index.js",
                  {
                    "displayName": true,
                    "pure": false,
                    "ssr": false,
                    "transpileTemplateLiterals": true,
                  },
                  "styled-components",
                ],
              ],
              "presets": [
                [
                  "<WORKSPACE>/node_modules/<PNPM_INNER>/@babel/preset-env/lib/index.js",
                  {
                    "bugfixes": false,
                    "corejs": {
                      "proposals": true,
                      "version": "3.26",
                    },
                    "exclude": [
                      "transform-typeof-symbol",
                    ],
                    "modules": false,
                    "shippedProposals": false,
                    "targets": [
                      "> 0.01%",
                      "not dead",
                      "not op_mini all",
                    ],
                    "useBuiltIns": "entry",
                  },
                ],
                [
                  "<WORKSPACE>/node_modules/<PNPM_INNER>/@babel/preset-react/lib/index.js",
                  {
                    "development": true,
                    "runtime": "classic",
                    "useBuiltIns": true,
                    "useSpread": false,
                  },
                ],
                [
                  "<WORKSPACE>/node_modules/<PNPM_INNER>/@babel/preset-typescript/lib/index.js",
                  {
                    "allExtensions": true,
                    "allowDeclareFields": true,
                    "allowNamespaces": true,
                    "isTSX": true,
                    "optimizeConstEnums": true,
                  },
                ],
              ],
            },
          },
        ],
      },
    ],
  },
  "plugins": [
    ReactRefreshPlugin {
      "options": {
        "exclude": [
          /node_modules/,
        ],
        "include": /\\\\\\.\\(\\[cm\\]js\\|\\[jt\\]sx\\?\\|flow\\)\\$/i,
        "overlay": false,
      },
    },
  ],
}
`;

exports[`plugins/react > should work with ts-loader 1`] = `
{
  "module": {
    "rules": [
      {
        "include": [
          {
            "and": [
              "<ROOT>",
              {
                "not": /node_modules/,
              },
            ],
          },
        ],
        "test": /\\\\\\.\\(ts\\|mts\\|cts\\|tsx\\)\\$/,
        "use": [
          {
            "loader": "<ROOT>/compiled/babel-loader",
            "options": {
              "plugins": [
                [
                  "<WORKSPACE>/node_modules/<PNPM_INNER>/react-refresh/babel.js",
                  {
                    "skipEnvCheck": true,
                  },
                ],
              ],
              "presets": [
                [
                  "<WORKSPACE>/packages/cli/babel-preset-app/dist/js/node/index.js",
                  {
                    "appDirectory": "<ROOT>",
                    "target": "client",
                    "useBuiltIns": "entry",
                    "useTsLoader": true,
                    "userBabelConfig": undefined,
                  },
                ],
              ],
            },
          },
          {
            "loader": "<WORKSPACE>/node_modules/<PNPM_INNER>/ts-loader/index.js",
            "options": {
              "allowTsInNodeModules": true,
              "compilerOptions": {
                "module": 99,
                "target": 99,
              },
              "transpileOnly": true,
            },
          },
        ],
      },
    ],
  },
  "plugins": [
    ReactRefreshPlugin {
      "options": {
        "exclude": [
          /node_modules/,
        ],
        "include": /\\\\\\.\\(\\[cm\\]js\\|\\[jt\\]sx\\?\\|flow\\)\\$/i,
        "overlay": false,
      },
    },
  ],
}
`;
