// Vitest Snapshot v1, https://vitest.dev/guide/snapshot.html

exports[`plugins/tsChecker > should allow to modify the config of tsChecker plugin 1`] = `
{
  "plugins": [
    ForkTsCheckerWebpackPlugin {
      "options": {
        "async": false,
        "issue": {
          "exclude": [
            {
              "file": "**/*.(spec|test).ts",
            },
            {
              "file": "**/node_modules/**/*",
            },
          ],
        },
        "logger": {
          "error": [Function],
          "log": [Function],
        },
        "typescript": {
          "configFile": "/path/tsconfig.json",
          "memoryLimit": 8192,
          "typescriptPath": "<WORKSPACE>/node_modules/<PNPM_INNER>/typescript/lib/typescript.js",
        },
      },
    },
  ],
}
`;

exports[`plugins/tsChecker > should only apply one tsChecker plugin when there is multiple targets 1`] = `
[
  {
    "plugins": [
      ForkTsCheckerWebpackPlugin {
        "options": {
          "issue": {
            "exclude": [
              {
                "file": "**/*.(spec|test).ts",
              },
              {
                "file": "**/node_modules/**/*",
              },
            ],
          },
          "logger": {
            "error": [Function],
            "log": [Function],
          },
          "typescript": {
            "configFile": "/path/tsconfig.json",
            "memoryLimit": 8192,
            "typescriptPath": "<WORKSPACE>/node_modules/<PNPM_INNER>/typescript/lib/typescript.js",
          },
        },
      },
    ],
  },
  {},
]
`;
