// Vitest Snapshot v1, https://vitest.dev/guide/snapshot.html

exports[`plugins/splitChunks > 'should allow forceSplitting to be an object' 1`] = `
{
  "optimization": {
    "runtimeChunk": {
      "name": "builder-runtime",
    },
    "splitChunks": {
      "cacheGroups": {
        "axios": {
          "chunks": "all",
          "enforce": true,
          "name": "axios",
          "test": /axios/,
        },
      },
      "chunks": "all",
      "enforceSizeThreshold": 50000,
    },
  },
}
`;

exports[`plugins/splitChunks > 'should not split chunks when target is not' 1`] = `
{
  "optimization": {
    "splitChunks": false,
  },
}
`;

exports[`plugins/splitChunks > 'should set all-in-one config' 1`] = `
{
  "optimization": {
    "splitChunks": false,
  },
}
`;

exports[`plugins/splitChunks > 'should set custom config' 1`] = `
{
  "optimization": {
    "runtimeChunk": {
      "name": "builder-runtime",
    },
    "splitChunks": {
      "cacheGroups": {
        "force-split-0": {
          "chunks": "all",
          "enforce": true,
          "name": "force-split-0",
          "test": /react/,
        },
      },
      "chunks": "all",
      "enforceSizeThreshold": 50000,
    },
  },
}
`;

exports[`plugins/splitChunks > 'should set single-size config' 1`] = `
{
  "optimization": {
    "runtimeChunk": {
      "name": "builder-runtime",
    },
    "splitChunks": {
      "cacheGroups": {},
      "chunks": "all",
      "enforceSizeThreshold": 50000,
      "maxSize": 5000,
      "minSize": 1000,
    },
  },
}
`;

exports[`plugins/splitChunks > 'should set single-vendor config' 1`] = `
{
  "optimization": {
    "runtimeChunk": {
      "name": "builder-runtime",
    },
    "splitChunks": {
      "cacheGroups": {
        "singleVendor": {
          "chunks": "all",
          "enforce": true,
          "name": "vendor",
          "priority": 0,
          "reuseExistingChunk": true,
          "test": /\\[\\\\\\\\/\\]node_modules\\[\\\\\\\\/\\]/,
        },
      },
      "chunks": "all",
      "enforceSizeThreshold": 50000,
    },
  },
}
`;

exports[`plugins/splitChunks > 'should set split-by-experience config correctly when polyfill is off' 1`] = `
{
  "optimization": {
    "runtimeChunk": {
      "name": "builder-runtime",
    },
    "splitChunks": {
      "cacheGroups": {
        "lib-antd": {
          "name": "lib-antd",
          "priority": 0,
          "reuseExistingChunk": true,
          "test": /\\[\\\\\\\\/\\]node_modules\\[\\\\\\\\/\\]\\(antd\\)\\[\\\\\\\\/\\]/,
        },
        "lib-arco": {
          "name": "lib-arco",
          "priority": 0,
          "reuseExistingChunk": true,
          "test": /\\[\\\\\\\\/\\]node_modules\\[\\\\\\\\/\\]\\(@\\?arco-design\\)\\[\\\\\\\\/\\]/,
        },
        "lib-axios": {
          "name": "lib-axios",
          "priority": 0,
          "reuseExistingChunk": true,
          "test": /\\[\\\\\\\\/\\]node_modules\\[\\\\\\\\/\\]\\(axios\\|axios-\\.\\+\\)\\[\\\\\\\\/\\]/,
        },
        "lib-lodash": {
          "name": "lib-lodash",
          "priority": 0,
          "reuseExistingChunk": true,
          "test": /\\[\\\\\\\\/\\]node_modules\\[\\\\\\\\/\\]\\(lodash\\|lodash-es\\)\\[\\\\\\\\/\\]/,
        },
        "lib-react": {
          "name": "lib-react",
          "priority": 0,
          "reuseExistingChunk": true,
          "test": /\\[\\\\\\\\/\\]node_modules\\[\\\\\\\\/\\]\\(react\\|react-dom\\|scheduler\\)\\[\\\\\\\\/\\]/,
        },
        "lib-router": {
          "name": "lib-router",
          "priority": 0,
          "reuseExistingChunk": true,
          "test": /\\[\\\\\\\\/\\]node_modules\\[\\\\\\\\/\\]\\(react-router\\|react-router-dom\\|@remix-run\\\\/router\\|history\\)\\[\\\\\\\\/\\]/,
        },
      },
      "chunks": "all",
      "enforceSizeThreshold": 50000,
    },
  },
}
`;

exports[`plugins/splitChunks > 'should set split-by-experience config' 1`] = `
{
  "optimization": {
    "runtimeChunk": {
      "name": "builder-runtime",
    },
    "splitChunks": {
      "cacheGroups": {
        "lib-antd": {
          "name": "lib-antd",
          "priority": 0,
          "reuseExistingChunk": true,
          "test": /\\[\\\\\\\\/\\]node_modules\\[\\\\\\\\/\\]\\(antd\\)\\[\\\\\\\\/\\]/,
        },
        "lib-arco": {
          "name": "lib-arco",
          "priority": 0,
          "reuseExistingChunk": true,
          "test": /\\[\\\\\\\\/\\]node_modules\\[\\\\\\\\/\\]\\(@\\?arco-design\\)\\[\\\\\\\\/\\]/,
        },
        "lib-axios": {
          "name": "lib-axios",
          "priority": 0,
          "reuseExistingChunk": true,
          "test": /\\[\\\\\\\\/\\]node_modules\\[\\\\\\\\/\\]\\(axios\\|axios-\\.\\+\\)\\[\\\\\\\\/\\]/,
        },
        "lib-lodash": {
          "name": "lib-lodash",
          "priority": 0,
          "reuseExistingChunk": true,
          "test": /\\[\\\\\\\\/\\]node_modules\\[\\\\\\\\/\\]\\(lodash\\|lodash-es\\)\\[\\\\\\\\/\\]/,
        },
        "lib-polyfill": {
          "name": "lib-polyfill",
          "priority": 0,
          "reuseExistingChunk": true,
          "test": /\\[\\\\\\\\/\\]node_modules\\[\\\\\\\\/\\]\\(tslib\\|core-js\\|@babel\\\\/runtime\\|@swc\\\\/helpers\\)\\[\\\\\\\\/\\]/,
        },
        "lib-react": {
          "name": "lib-react",
          "priority": 0,
          "reuseExistingChunk": true,
          "test": /\\[\\\\\\\\/\\]node_modules\\[\\\\\\\\/\\]\\(react\\|react-dom\\|scheduler\\)\\[\\\\\\\\/\\]/,
        },
        "lib-router": {
          "name": "lib-router",
          "priority": 0,
          "reuseExistingChunk": true,
          "test": /\\[\\\\\\\\/\\]node_modules\\[\\\\\\\\/\\]\\(react-router\\|react-router-dom\\|@remix-run\\\\/router\\|history\\)\\[\\\\\\\\/\\]/,
        },
      },
      "chunks": "all",
      "enforceSizeThreshold": 50000,
    },
  },
}
`;

exports[`plugins/splitChunks > 'should set split-by-module config' 1`] = `
{
  "optimization": {
    "runtimeChunk": {
      "name": "builder-runtime",
    },
    "splitChunks": {
      "cacheGroups": {
        "vendors": {
          "name": [Function],
          "priority": -10,
          "test": /\\[\\\\\\\\/\\]node_modules\\[\\\\\\\\/\\]/,
        },
      },
      "chunks": "all",
      "enforceSizeThreshold": 50000,
      "maxInitialRequests": Infinity,
      "minSize": 0,
    },
  },
}
`;
