// Vitest Snapshot v1, https://vitest.dev/guide/snapshot.html

exports[`plugins/yaml > should add yaml rule properly 1`] = `
{
  "module": {
    "rules": [
      {
        "test": /\\\\\\.ya\\?ml\\$/,
        "type": "javascript/auto",
        "use": [
          {
            "loader": "<ROOT>-shared/compiled/yaml-loader",
          },
        ],
      },
    ],
  },
}
`;
