// Jest Snapshot v1, https://goo.gl/fbAQLP

exports[`test utils.error should get 404 error html 1`] = `
"<!DOCTYPE html>
  <html lang="en">
  <head>
    <meta charset="utf-8">
    <meta name="viewport" content="width=device-width">
    <title>404: This page could not be found.</title>
    <style>
      html,body {
        margin: 0;
      }

      .page-container {
        color: #000;
        background: #fff;
        height: 100vh;
        text-align: center;
        display: flex;
        flex-direction: column;
        align-items: center;
        justify-content: center;
      }
    </style>
  </head>
  <body>
    <div class="page-container">
    <h1>404</h1>
    <div>This page could not be found.</div>
  </body>
  </html>
  "
`;

exports[`test utils.error should get 500 error html 1`] = `
"<!DOCTYPE html>
  <html lang="en">
  <head>
    <meta charset="utf-8">
    <meta name="viewport" content="width=device-width">
    <title>500: Internal Server Error.</title>
    <style>
      html,body {
        margin: 0;
      }

      .page-container {
        color: #000;
        background: #fff;
        height: 100vh;
        text-align: center;
        display: flex;
        flex-direction: column;
        align-items: center;
        justify-content: center;
      }
    </style>
  </head>
  <body>
    <div class="page-container">
    <h1>500</h1>
    <div>Internal Server Error.</div>
  </body>
  </html>
  "
`;
