// Vitest Snapshot v1

exports[`tests/stub-builder > should catch trace stacks when hooks unresolved 1`] = `Promise {}`;
