// Vitest Snapshot v1

exports[`plugins/rem > should not run htmlPlugin with enableRuntime is false 1`] = `
{
  "builtins": {
    "css": {
      "modules": {
        "exportsOnly": false,
        "localIdentName": "[path][name]__[local]--[hash:5]",
        "localsConvention": "camelCase",
      },
    },
  },
  "module": {
    "rules": [
      {
        "oneOf": [
          {
            "sideEffects": true,
            "test": /\\\\\\.module\\\\\\.\\\\w\\+\\$/i,
            "type": "css/module",
            "use": [
              {
                "loader": "<WORKSPACE>/node_modules/<PNPM_INNER>/@rspack/postcss-loader/src/index.js",
                "options": {
                  "postcssOptions": {
                    "plugins": [
                      [Function],
                      [Function],
                      [Function],
                      [Function],
                      [Function],
                      [Function],
                      [Function],
                      {
                        "browsers": [
                          "> 0.01%",
                          "not dead",
                          "not op_mini all",
                        ],
                        "info": [Function],
                        "options": {
                          "flexbox": "no-2009",
                          "overrideBrowserslist": [
                            "> 0.01%",
                            "not dead",
                            "not op_mini all",
                          ],
                        },
                        "postcssPlugin": "autoprefixer",
                        "prepare": [Function],
                      },
                    ],
                  },
                  "pxToRem": {
                    "propList": [
                      "*",
                    ],
                    "rootValue": 50,
                    "unitPrecision": 5,
                  },
                  "sourceMap": true,
                },
              },
            ],
          },
          {
            "sideEffects": true,
            "type": "css",
            "use": [
              {
                "loader": "<WORKSPACE>/node_modules/<PNPM_INNER>/@rspack/postcss-loader/src/index.js",
                "options": {
                  "postcssOptions": {
                    "plugins": [
                      [Function],
                      [Function],
                      [Function],
                      [Function],
                      [Function],
                      [Function],
                      [Function],
                      {
                        "browsers": [
                          "> 0.01%",
                          "not dead",
                          "not op_mini all",
                        ],
                        "info": [Function],
                        "options": {
                          "flexbox": "no-2009",
                          "overrideBrowserslist": [
                            "> 0.01%",
                            "not dead",
                            "not op_mini all",
                          ],
                        },
                        "postcssPlugin": "autoprefixer",
                        "prepare": [Function],
                      },
                    ],
                  },
                  "pxToRem": {
                    "propList": [
                      "*",
                    ],
                    "rootValue": 50,
                    "unitPrecision": 5,
                  },
                  "sourceMap": true,
                },
              },
            ],
          },
        ],
        "test": /\\\\\\.css\\$/,
      },
    ],
  },
}
`;

exports[`plugins/rem > should not run rem plugin when false 1`] = `
{
  "builtins": {
    "css": {
      "modules": {
        "exportsOnly": false,
        "localIdentName": "[path][name]__[local]--[hash:5]",
        "localsConvention": "camelCase",
      },
    },
  },
  "module": {
    "rules": [
      {
        "oneOf": [
          {
            "sideEffects": true,
            "test": /\\\\\\.module\\\\\\.\\\\w\\+\\$/i,
            "type": "css/module",
            "use": [
              {
                "loader": "<WORKSPACE>/node_modules/<PNPM_INNER>/@rspack/postcss-loader/src/index.js",
                "options": {
                  "postcssOptions": {
                    "plugins": [
                      [Function],
                      [Function],
                      [Function],
                      [Function],
                      [Function],
                      [Function],
                      [Function],
                      {
                        "browsers": [
                          "> 0.01%",
                          "not dead",
                          "not op_mini all",
                        ],
                        "info": [Function],
                        "options": {
                          "flexbox": "no-2009",
                          "overrideBrowserslist": [
                            "> 0.01%",
                            "not dead",
                            "not op_mini all",
                          ],
                        },
                        "postcssPlugin": "autoprefixer",
                        "prepare": [Function],
                      },
                    ],
                  },
                  "sourceMap": true,
                },
              },
            ],
          },
          {
            "sideEffects": true,
            "type": "css",
            "use": [
              {
                "loader": "<WORKSPACE>/node_modules/<PNPM_INNER>/@rspack/postcss-loader/src/index.js",
                "options": {
                  "postcssOptions": {
                    "plugins": [
                      [Function],
                      [Function],
                      [Function],
                      [Function],
                      [Function],
                      [Function],
                      [Function],
                      {
                        "browsers": [
                          "> 0.01%",
                          "not dead",
                          "not op_mini all",
                        ],
                        "info": [Function],
                        "options": {
                          "flexbox": "no-2009",
                          "overrideBrowserslist": [
                            "> 0.01%",
                            "not dead",
                            "not op_mini all",
                          ],
                        },
                        "postcssPlugin": "autoprefixer",
                        "prepare": [Function],
                      },
                    ],
                  },
                  "sourceMap": true,
                },
              },
            ],
          },
        ],
        "test": /\\\\\\.css\\$/,
      },
    ],
  },
}
`;

exports[`plugins/rem > should not run rem plugin without config 1`] = `
{
  "builtins": {
    "css": {
      "modules": {
        "exportsOnly": false,
        "localIdentName": "[path][name]__[local]--[hash:5]",
        "localsConvention": "camelCase",
      },
    },
  },
  "module": {
    "rules": [
      {
        "oneOf": [
          {
            "sideEffects": true,
            "test": /\\\\\\.module\\\\\\.\\\\w\\+\\$/i,
            "type": "css/module",
            "use": [
              {
                "loader": "<WORKSPACE>/node_modules/<PNPM_INNER>/@rspack/postcss-loader/src/index.js",
                "options": {
                  "postcssOptions": {
                    "plugins": [
                      [Function],
                      [Function],
                      [Function],
                      [Function],
                      [Function],
                      [Function],
                      [Function],
                      {
                        "browsers": [
                          "> 0.01%",
                          "not dead",
                          "not op_mini all",
                        ],
                        "info": [Function],
                        "options": {
                          "flexbox": "no-2009",
                          "overrideBrowserslist": [
                            "> 0.01%",
                            "not dead",
                            "not op_mini all",
                          ],
                        },
                        "postcssPlugin": "autoprefixer",
                        "prepare": [Function],
                      },
                    ],
                  },
                  "sourceMap": true,
                },
              },
            ],
          },
          {
            "sideEffects": true,
            "type": "css",
            "use": [
              {
                "loader": "<WORKSPACE>/node_modules/<PNPM_INNER>/@rspack/postcss-loader/src/index.js",
                "options": {
                  "postcssOptions": {
                    "plugins": [
                      [Function],
                      [Function],
                      [Function],
                      [Function],
                      [Function],
                      [Function],
                      [Function],
                      {
                        "browsers": [
                          "> 0.01%",
                          "not dead",
                          "not op_mini all",
                        ],
                        "info": [Function],
                        "options": {
                          "flexbox": "no-2009",
                          "overrideBrowserslist": [
                            "> 0.01%",
                            "not dead",
                            "not op_mini all",
                          ],
                        },
                        "postcssPlugin": "autoprefixer",
                        "prepare": [Function],
                      },
                    ],
                  },
                  "sourceMap": true,
                },
              },
            ],
          },
        ],
        "test": /\\\\\\.css\\$/,
      },
    ],
  },
}
`;

exports[`plugins/rem > should order plugins and run rem plugin with default config 1`] = `
{
  "builtins": {
    "css": {
      "modules": {
        "exportsOnly": false,
        "localIdentName": "[path][name]__[local]--[hash:5]",
        "localsConvention": "camelCase",
      },
    },
  },
  "module": {
    "rules": [
      {
        "oneOf": [
          {
            "sideEffects": true,
            "test": /\\\\\\.module\\\\\\.\\\\w\\+\\$/i,
            "type": "css/module",
            "use": [
              {
                "loader": "<WORKSPACE>/node_modules/<PNPM_INNER>/@rspack/postcss-loader/src/index.js",
                "options": {
                  "postcssOptions": {
                    "plugins": [
                      [Function],
                      [Function],
                      [Function],
                      [Function],
                      [Function],
                      [Function],
                      [Function],
                      {
                        "browsers": [
                          "> 0.01%",
                          "not dead",
                          "not op_mini all",
                        ],
                        "info": [Function],
                        "options": {
                          "flexbox": "no-2009",
                          "overrideBrowserslist": [
                            "> 0.01%",
                            "not dead",
                            "not op_mini all",
                          ],
                        },
                        "postcssPlugin": "autoprefixer",
                        "prepare": [Function],
                      },
                    ],
                  },
                  "pxToRem": {
                    "propList": [
                      "*",
                    ],
                    "rootValue": 50,
                    "unitPrecision": 5,
                  },
                  "sourceMap": true,
                },
              },
            ],
          },
          {
            "sideEffects": true,
            "type": "css",
            "use": [
              {
                "loader": "<WORKSPACE>/node_modules/<PNPM_INNER>/@rspack/postcss-loader/src/index.js",
                "options": {
                  "postcssOptions": {
                    "plugins": [
                      [Function],
                      [Function],
                      [Function],
                      [Function],
                      [Function],
                      [Function],
                      [Function],
                      {
                        "browsers": [
                          "> 0.01%",
                          "not dead",
                          "not op_mini all",
                        ],
                        "info": [Function],
                        "options": {
                          "flexbox": "no-2009",
                          "overrideBrowserslist": [
                            "> 0.01%",
                            "not dead",
                            "not op_mini all",
                          ],
                        },
                        "postcssPlugin": "autoprefixer",
                        "prepare": [Function],
                      },
                    ],
                  },
                  "pxToRem": {
                    "propList": [
                      "*",
                    ],
                    "rootValue": 50,
                    "unitPrecision": 5,
                  },
                  "sourceMap": true,
                },
              },
            ],
          },
        ],
        "test": /\\\\\\.css\\$/,
      },
      {
        "oneOf": [
          {
            "sideEffects": true,
            "test": /\\\\\\.module\\\\\\.\\\\w\\+\\$/i,
            "type": "css/module",
            "use": [
              {
                "loader": "<WORKSPACE>/node_modules/<PNPM_INNER>/@rspack/postcss-loader/src/index.js",
                "options": {
                  "postcssOptions": {
                    "plugins": [
                      [Function],
                      [Function],
                      [Function],
                      [Function],
                      [Function],
                      [Function],
                      [Function],
                      {
                        "browsers": [
                          "> 0.01%",
                          "not dead",
                          "not op_mini all",
                        ],
                        "info": [Function],
                        "options": {
                          "flexbox": "no-2009",
                          "overrideBrowserslist": [
                            "> 0.01%",
                            "not dead",
                            "not op_mini all",
                          ],
                        },
                        "postcssPlugin": "autoprefixer",
                        "prepare": [Function],
                      },
                    ],
                  },
                  "pxToRem": {
                    "propList": [
                      "*",
                    ],
                    "rootValue": 50,
                    "unitPrecision": 5,
                  },
                  "sourceMap": true,
                },
              },
              {
                "loader": "<WORKSPACE>/packages/builder/builder-shared/compiled/less-loader",
                "options": {
                  "implementation": "<WORKSPACE>/packages/builder/builder-shared/compiled/less",
                  "lessOptions": {
                    "javascriptEnabled": true,
                  },
                  "sourceMap": true,
                },
              },
            ],
          },
          {
            "sideEffects": true,
            "type": "css",
            "use": [
              {
                "loader": "<WORKSPACE>/node_modules/<PNPM_INNER>/@rspack/postcss-loader/src/index.js",
                "options": {
                  "postcssOptions": {
                    "plugins": [
                      [Function],
                      [Function],
                      [Function],
                      [Function],
                      [Function],
                      [Function],
                      [Function],
                      {
                        "browsers": [
                          "> 0.01%",
                          "not dead",
                          "not op_mini all",
                        ],
                        "info": [Function],
                        "options": {
                          "flexbox": "no-2009",
                          "overrideBrowserslist": [
                            "> 0.01%",
                            "not dead",
                            "not op_mini all",
                          ],
                        },
                        "postcssPlugin": "autoprefixer",
                        "prepare": [Function],
                      },
                    ],
                  },
                  "pxToRem": {
                    "propList": [
                      "*",
                    ],
                    "rootValue": 50,
                    "unitPrecision": 5,
                  },
                  "sourceMap": true,
                },
              },
              {
                "loader": "<WORKSPACE>/packages/builder/builder-shared/compiled/less-loader",
                "options": {
                  "implementation": "<WORKSPACE>/packages/builder/builder-shared/compiled/less",
                  "lessOptions": {
                    "javascriptEnabled": true,
                  },
                  "sourceMap": true,
                },
              },
            ],
          },
        ],
        "test": /\\\\\\.less\\$/,
      },
      {
        "oneOf": [
          {
            "sideEffects": true,
            "test": /\\\\\\.module\\\\\\.\\\\w\\+\\$/i,
            "type": "css/module",
            "use": [
              {
                "loader": "<WORKSPACE>/node_modules/<PNPM_INNER>/@rspack/postcss-loader/src/index.js",
                "options": {
                  "postcssOptions": {
                    "plugins": [
                      [Function],
                      [Function],
                      [Function],
                      [Function],
                      [Function],
                      [Function],
                      [Function],
                      {
                        "browsers": [
                          "> 0.01%",
                          "not dead",
                          "not op_mini all",
                        ],
                        "info": [Function],
                        "options": {
                          "flexbox": "no-2009",
                          "overrideBrowserslist": [
                            "> 0.01%",
                            "not dead",
                            "not op_mini all",
                          ],
                        },
                        "postcssPlugin": "autoprefixer",
                        "prepare": [Function],
                      },
                    ],
                  },
                  "pxToRem": {
                    "propList": [
                      "*",
                    ],
                    "rootValue": 50,
                    "unitPrecision": 5,
                  },
                  "sourceMap": true,
                },
              },
              {
                "loader": "<WORKSPACE>/packages/builder/builder-shared/compiled/sass-loader",
                "options": {
                  "implementation": "<WORKSPACE>/packages/builder/builder-shared/compiled/sass",
                  "sourceMap": true,
                },
              },
            ],
          },
          {
            "sideEffects": true,
            "type": "css",
            "use": [
              {
                "loader": "<WORKSPACE>/node_modules/<PNPM_INNER>/@rspack/postcss-loader/src/index.js",
                "options": {
                  "postcssOptions": {
                    "plugins": [
                      [Function],
                      [Function],
                      [Function],
                      [Function],
                      [Function],
                      [Function],
                      [Function],
                      {
                        "browsers": [
                          "> 0.01%",
                          "not dead",
                          "not op_mini all",
                        ],
                        "info": [Function],
                        "options": {
                          "flexbox": "no-2009",
                          "overrideBrowserslist": [
                            "> 0.01%",
                            "not dead",
                            "not op_mini all",
                          ],
                        },
                        "postcssPlugin": "autoprefixer",
                        "prepare": [Function],
                      },
                    ],
                  },
                  "pxToRem": {
                    "propList": [
                      "*",
                    ],
                    "rootValue": 50,
                    "unitPrecision": 5,
                  },
                  "sourceMap": true,
                },
              },
              {
                "loader": "<WORKSPACE>/packages/builder/builder-shared/compiled/sass-loader",
                "options": {
                  "implementation": "<WORKSPACE>/packages/builder/builder-shared/compiled/sass",
                  "sourceMap": true,
                },
              },
            ],
          },
        ],
        "test": /\\\\\\.s\\(a\\|c\\)ss\\$/,
      },
    ],
  },
  "plugins": [
    AutoSetRootFontSizePlugin {
      "HtmlPlugin": [Function],
      "distDir": "static/js",
      "name": "AutoSetRootFontSizePlugin",
      "options": {
        "enableRuntime": true,
        "excludeEntries": [],
        "inlineRuntime": true,
        "maxRootFontSize": 64,
        "rootFontSize": 50,
        "rootFontSizeVariableName": "ROOT_FONT_SIZE",
        "screenWidth": 375,
        "supportLandscape": false,
        "useRootFontSizeBeyondMax": false,
        "widthQueryKey": "",
      },
      "scriptPath": "",
      "webpackEntries": [],
    },
  ],
}
`;

exports[`plugins/rem > should run rem plugin with custom config 1`] = `
{
  "builtins": {
    "css": {
      "modules": {
        "exportsOnly": false,
        "localIdentName": "[path][name]__[local]--[hash:5]",
        "localsConvention": "camelCase",
      },
    },
  },
  "module": {
    "rules": [
      {
        "oneOf": [
          {
            "sideEffects": true,
            "test": /\\\\\\.module\\\\\\.\\\\w\\+\\$/i,
            "type": "css/module",
            "use": [
              {
                "loader": "<WORKSPACE>/node_modules/<PNPM_INNER>/@rspack/postcss-loader/src/index.js",
                "options": {
                  "postcssOptions": {
                    "plugins": [
                      [Function],
                      [Function],
                      [Function],
                      [Function],
                      [Function],
                      [Function],
                      [Function],
                      {
                        "browsers": [
                          "> 0.01%",
                          "not dead",
                          "not op_mini all",
                        ],
                        "info": [Function],
                        "options": {
                          "flexbox": "no-2009",
                          "overrideBrowserslist": [
                            "> 0.01%",
                            "not dead",
                            "not op_mini all",
                          ],
                        },
                        "postcssPlugin": "autoprefixer",
                        "prepare": [Function],
                      },
                    ],
                  },
                  "pxToRem": {
                    "propList": [
                      "font-size",
                    ],
                    "rootValue": 30,
                    "unitPrecision": 5,
                  },
                  "sourceMap": true,
                },
              },
            ],
          },
          {
            "sideEffects": true,
            "type": "css",
            "use": [
              {
                "loader": "<WORKSPACE>/node_modules/<PNPM_INNER>/@rspack/postcss-loader/src/index.js",
                "options": {
                  "postcssOptions": {
                    "plugins": [
                      [Function],
                      [Function],
                      [Function],
                      [Function],
                      [Function],
                      [Function],
                      [Function],
                      {
                        "browsers": [
                          "> 0.01%",
                          "not dead",
                          "not op_mini all",
                        ],
                        "info": [Function],
                        "options": {
                          "flexbox": "no-2009",
                          "overrideBrowserslist": [
                            "> 0.01%",
                            "not dead",
                            "not op_mini all",
                          ],
                        },
                        "postcssPlugin": "autoprefixer",
                        "prepare": [Function],
                      },
                    ],
                  },
                  "pxToRem": {
                    "propList": [
                      "font-size",
                    ],
                    "rootValue": 30,
                    "unitPrecision": 5,
                  },
                  "sourceMap": true,
                },
              },
            ],
          },
        ],
        "test": /\\\\\\.css\\$/,
      },
    ],
  },
  "plugins": [
    AutoSetRootFontSizePlugin {
      "HtmlPlugin": [Function],
      "distDir": "static/js",
      "name": "AutoSetRootFontSizePlugin",
      "options": {
        "enableRuntime": true,
        "excludeEntries": [],
        "inlineRuntime": true,
        "maxRootFontSize": 64,
        "pxtorem": {
          "propList": [
            "font-size",
          ],
        },
        "rootFontSize": 30,
        "rootFontSizeVariableName": "ROOT_FONT_SIZE",
        "screenWidth": 375,
        "supportLandscape": false,
        "useRootFontSizeBeyondMax": false,
        "widthQueryKey": "",
      },
      "scriptPath": "",
      "webpackEntries": [],
    },
  ],
}
`;

exports[`plugins/rem > should run rem plugin with default config 1`] = `
{
  "builtins": {
    "css": {
      "modules": {
        "exportsOnly": false,
        "localIdentName": "[path][name]__[local]--[hash:5]",
        "localsConvention": "camelCase",
      },
    },
  },
  "module": {
    "rules": [
      {
        "oneOf": [
          {
            "sideEffects": true,
            "test": /\\\\\\.module\\\\\\.\\\\w\\+\\$/i,
            "type": "css/module",
            "use": [
              {
                "loader": "<WORKSPACE>/node_modules/<PNPM_INNER>/@rspack/postcss-loader/src/index.js",
                "options": {
                  "postcssOptions": {
                    "plugins": [
                      [Function],
                      [Function],
                      [Function],
                      [Function],
                      [Function],
                      [Function],
                      [Function],
                      {
                        "browsers": [
                          "> 0.01%",
                          "not dead",
                          "not op_mini all",
                        ],
                        "info": [Function],
                        "options": {
                          "flexbox": "no-2009",
                          "overrideBrowserslist": [
                            "> 0.01%",
                            "not dead",
                            "not op_mini all",
                          ],
                        },
                        "postcssPlugin": "autoprefixer",
                        "prepare": [Function],
                      },
                    ],
                  },
                  "pxToRem": {
                    "propList": [
                      "*",
                    ],
                    "rootValue": 50,
                    "unitPrecision": 5,
                  },
                  "sourceMap": true,
                },
              },
            ],
          },
          {
            "sideEffects": true,
            "type": "css",
            "use": [
              {
                "loader": "<WORKSPACE>/node_modules/<PNPM_INNER>/@rspack/postcss-loader/src/index.js",
                "options": {
                  "postcssOptions": {
                    "plugins": [
                      [Function],
                      [Function],
                      [Function],
                      [Function],
                      [Function],
                      [Function],
                      [Function],
                      {
                        "browsers": [
                          "> 0.01%",
                          "not dead",
                          "not op_mini all",
                        ],
                        "info": [Function],
                        "options": {
                          "flexbox": "no-2009",
                          "overrideBrowserslist": [
                            "> 0.01%",
                            "not dead",
                            "not op_mini all",
                          ],
                        },
                        "postcssPlugin": "autoprefixer",
                        "prepare": [Function],
                      },
                    ],
                  },
                  "pxToRem": {
                    "propList": [
                      "*",
                    ],
                    "rootValue": 50,
                    "unitPrecision": 5,
                  },
                  "sourceMap": true,
                },
              },
            ],
          },
        ],
        "test": /\\\\\\.css\\$/,
      },
      {
        "oneOf": [
          {
            "sideEffects": true,
            "test": /\\\\\\.module\\\\\\.\\\\w\\+\\$/i,
            "type": "css/module",
            "use": [
              {
                "loader": "<WORKSPACE>/node_modules/<PNPM_INNER>/@rspack/postcss-loader/src/index.js",
                "options": {
                  "postcssOptions": {
                    "plugins": [
                      [Function],
                      [Function],
                      [Function],
                      [Function],
                      [Function],
                      [Function],
                      [Function],
                      {
                        "browsers": [
                          "> 0.01%",
                          "not dead",
                          "not op_mini all",
                        ],
                        "info": [Function],
                        "options": {
                          "flexbox": "no-2009",
                          "overrideBrowserslist": [
                            "> 0.01%",
                            "not dead",
                            "not op_mini all",
                          ],
                        },
                        "postcssPlugin": "autoprefixer",
                        "prepare": [Function],
                      },
                    ],
                  },
                  "pxToRem": {
                    "propList": [
                      "*",
                    ],
                    "rootValue": 50,
                    "unitPrecision": 5,
                  },
                  "sourceMap": true,
                },
              },
              {
                "loader": "<WORKSPACE>/packages/builder/builder-shared/compiled/less-loader",
                "options": {
                  "implementation": "<WORKSPACE>/packages/builder/builder-shared/compiled/less",
                  "lessOptions": {
                    "javascriptEnabled": true,
                  },
                  "sourceMap": true,
                },
              },
            ],
          },
          {
            "sideEffects": true,
            "type": "css",
            "use": [
              {
                "loader": "<WORKSPACE>/node_modules/<PNPM_INNER>/@rspack/postcss-loader/src/index.js",
                "options": {
                  "postcssOptions": {
                    "plugins": [
                      [Function],
                      [Function],
                      [Function],
                      [Function],
                      [Function],
                      [Function],
                      [Function],
                      {
                        "browsers": [
                          "> 0.01%",
                          "not dead",
                          "not op_mini all",
                        ],
                        "info": [Function],
                        "options": {
                          "flexbox": "no-2009",
                          "overrideBrowserslist": [
                            "> 0.01%",
                            "not dead",
                            "not op_mini all",
                          ],
                        },
                        "postcssPlugin": "autoprefixer",
                        "prepare": [Function],
                      },
                    ],
                  },
                  "pxToRem": {
                    "propList": [
                      "*",
                    ],
                    "rootValue": 50,
                    "unitPrecision": 5,
                  },
                  "sourceMap": true,
                },
              },
              {
                "loader": "<WORKSPACE>/packages/builder/builder-shared/compiled/less-loader",
                "options": {
                  "implementation": "<WORKSPACE>/packages/builder/builder-shared/compiled/less",
                  "lessOptions": {
                    "javascriptEnabled": true,
                  },
                  "sourceMap": true,
                },
              },
            ],
          },
        ],
        "test": /\\\\\\.less\\$/,
      },
      {
        "oneOf": [
          {
            "sideEffects": true,
            "test": /\\\\\\.module\\\\\\.\\\\w\\+\\$/i,
            "type": "css/module",
            "use": [
              {
                "loader": "<WORKSPACE>/node_modules/<PNPM_INNER>/@rspack/postcss-loader/src/index.js",
                "options": {
                  "postcssOptions": {
                    "plugins": [
                      [Function],
                      [Function],
                      [Function],
                      [Function],
                      [Function],
                      [Function],
                      [Function],
                      {
                        "browsers": [
                          "> 0.01%",
                          "not dead",
                          "not op_mini all",
                        ],
                        "info": [Function],
                        "options": {
                          "flexbox": "no-2009",
                          "overrideBrowserslist": [
                            "> 0.01%",
                            "not dead",
                            "not op_mini all",
                          ],
                        },
                        "postcssPlugin": "autoprefixer",
                        "prepare": [Function],
                      },
                    ],
                  },
                  "pxToRem": {
                    "propList": [
                      "*",
                    ],
                    "rootValue": 50,
                    "unitPrecision": 5,
                  },
                  "sourceMap": true,
                },
              },
              {
                "loader": "<WORKSPACE>/packages/builder/builder-shared/compiled/sass-loader",
                "options": {
                  "implementation": "<WORKSPACE>/packages/builder/builder-shared/compiled/sass",
                  "sourceMap": true,
                },
              },
            ],
          },
          {
            "sideEffects": true,
            "type": "css",
            "use": [
              {
                "loader": "<WORKSPACE>/node_modules/<PNPM_INNER>/@rspack/postcss-loader/src/index.js",
                "options": {
                  "postcssOptions": {
                    "plugins": [
                      [Function],
                      [Function],
                      [Function],
                      [Function],
                      [Function],
                      [Function],
                      [Function],
                      {
                        "browsers": [
                          "> 0.01%",
                          "not dead",
                          "not op_mini all",
                        ],
                        "info": [Function],
                        "options": {
                          "flexbox": "no-2009",
                          "overrideBrowserslist": [
                            "> 0.01%",
                            "not dead",
                            "not op_mini all",
                          ],
                        },
                        "postcssPlugin": "autoprefixer",
                        "prepare": [Function],
                      },
                    ],
                  },
                  "pxToRem": {
                    "propList": [
                      "*",
                    ],
                    "rootValue": 50,
                    "unitPrecision": 5,
                  },
                  "sourceMap": true,
                },
              },
              {
                "loader": "<WORKSPACE>/packages/builder/builder-shared/compiled/sass-loader",
                "options": {
                  "implementation": "<WORKSPACE>/packages/builder/builder-shared/compiled/sass",
                  "sourceMap": true,
                },
              },
            ],
          },
        ],
        "test": /\\\\\\.s\\(a\\|c\\)ss\\$/,
      },
    ],
  },
  "plugins": [
    AutoSetRootFontSizePlugin {
      "HtmlPlugin": [Function],
      "distDir": "static/js",
      "name": "AutoSetRootFontSizePlugin",
      "options": {
        "enableRuntime": true,
        "excludeEntries": [],
        "inlineRuntime": true,
        "maxRootFontSize": 64,
        "rootFontSize": 50,
        "rootFontSizeVariableName": "ROOT_FONT_SIZE",
        "screenWidth": 375,
        "supportLandscape": false,
        "useRootFontSizeBeyondMax": false,
        "widthQueryKey": "",
      },
      "scriptPath": "",
      "webpackEntries": [],
    },
  ],
}
`;
