// Jest Snapshot v1, https://goo.gl/fbAQLP

exports[`tsconfig extends should emit decorator metadata when extends from root tsconfig 1`] = `
""use strict";
var __defProp = Object.defineProperty;
var __getOwnPropDesc = Object.getOwnPropertyDescriptor;
var __getOwnPropNames = Object.getOwnPropertyNames;
var __hasOwnProp = Object.prototype.hasOwnProperty;
var __export = (target, all) => {
  for (var name in all)
    __defProp(target, name, { get: all[name], enumerable: true });
};
var __copyProps = (to, from, except, desc) => {
  if (from && typeof from === "object" || typeof from === "function") {
    for (let key of __getOwnPropNames(from))
      if (!__hasOwnProp.call(to, key) && key !== except)
        __defProp(to, key, { get: () => from[key], enumerable: !(desc = __getOwnPropDesc(from, key)) || desc.enumerable });
  }
  return to;
};
var __toCommonJS = (mod) => __copyProps(__defProp({}, "__esModule", { value: true }), mod);

// src/index.ts
var src_exports = {};
__export(src_exports, {
  Person: () => Person
});
module.exports = __toCommonJS(src_exports);
function _ts_decorate(decorators, target, key, desc) {
  var c = arguments.length, r = c < 3 ? target : desc === null ? desc = Object.getOwnPropertyDescriptor(target, key) : desc, d;
  if (typeof Reflect === "object" && typeof Reflect.decorate === "function")
    r = Reflect.decorate(decorators, target, key, desc);
  else
    for (var i = decorators.length - 1; i >= 0; i--)
      if (d = decorators[i])
        r = (c < 3 ? d(r) : c > 3 ? d(target, key, r) : d(target, key)) || r;
  return c > 3 && r && Object.defineProperty(target, key, r), r;
}
function _ts_metadata(k, v) {
  if (typeof Reflect === "object" && typeof Reflect.metadata === "function")
    return Reflect.metadata(k, v);
}
function enhancer(name) {
  return function enhancer2(target) {
    target.prototype.name = name;
  };
}
var Person = class {
  constructor() {
    this.version = "1.0.0";
  }
};
Person = _ts_decorate([
  enhancer("module-tools"),
  _ts_metadata("design:type", Function),
  _ts_metadata("design:paramtypes", [])
], Person);
// Annotate the CommonJS export names for ESM import in node:
0 && (module.exports = {
  Person
});
"
`;
