// Vitest Snapshot v1, https://vitest.dev/guide/snapshot.html

exports[`rscClientLoader > should not transform the input if it does not have \`use server\` directive 1`] = `
"export async function foo() {
  return 'foo';
}

export const bar = async () => 'bar';

export const baz = async () => 'baz';

export default foo;
"
`;

exports[`rscClientLoader > should transform the input with \`use server\` directive 1`] = `
"
    import { createServerReference } from \\"@modern-js/runtime/rsc/client\\";
    import { callServer } from \\"@modern-js/runtime/rsc/client\\";
  
export const foo = createServerReference(\\"test#foo\\", callServer);
export const bar = createServerReference(\\"test#bar\\", callServer);"
`;

exports[`rscClientLoader > support a custom callServer 1`] = `
"
    import { createServerReference } from \\"@modern-js/runtime/rsc/client\\";
    import { callServer } from \\"sdk/call-server\\";
  
export const foo = createServerReference(\\"test#foo\\", callServer);"
`;
