// Vitest Snapshot v1, https://vitest.dev/guide/snapshot.html

exports[`uni-builder rspack with cache > should generator rspack config correctly with cache 1`] = `
{
  "buildDependencies": [
    "package.json",
    "tsconfig.json",
    "modern.config.ts",
  ],
  "directory": "node_modules/.cache/rspack",
  "type": "persistent",
  "version": "web-test",
}
`;

exports[`uni-builder webpack with cache > should generator webpack config correctly with cache (default) 1`] = `
{
  "buildDependencies": {
    "packageJson": [
      "package.json",
    ],
    "tsconfig": [
      "tsconfig.json",
    ],
    "userBuildDependencies": [
      "modern.config.ts",
    ],
  },
  "cacheDirectory": "node_modules/.cache/webpack",
  "name": "web-test",
  "type": "filesystem",
}
`;
