// Jest Snapshot v1, https://goo.gl/fbAQLP

exports[`base webpack config apply tools.babel and using utils.addIncludes/addExcludes 1`] = `
Array [
  Object {
    "and": Array [
      /cli/webpack/tests/fixtures,
      Object {
        "not": /node_modules/,
      },
    ],
  },
  /.modern-js,
  /cli/webpack/src/runtime/core-js-entry.js,
  /include-1/,
  /include-2/,
  /include-3/,
]
`;

exports[`base webpack config apply tools.babel and using utils.addIncludes/addExcludes 2`] = `
Array [
  /exclude-1/,
  /exclude-2/,
  /exclude-3/,
]
`;

exports[`base webpack config apply tools.tsLoader and using utils.addIncludes/addExcludes 1`] = `
Array [
  Object {
    "and": Array [
      /cli/webpack/tests/fixtures,
      Object {
        "not": /node_modules/,
      },
    ],
  },
  /.modern-js,
  /cli/webpack/src/runtime/core-js-entry.js,
  /include-1/,
  /include-2/,
  /include-3/,
]
`;

exports[`base webpack config apply tools.tsLoader and using utils.addIncludes/addExcludes 2`] = `
Array [
  /exclude-1/,
  /exclude-2/,
  /exclude-3/,
]
`;
