// Vitest Snapshot v1

exports[`plugins/compatModern > should apply compatible webpack configs correctly 1`] = `
{
  "module": {
    "rules": [
      {
        "resolve": {
          "fullySpecified": false,
        },
        "test": /\\\\\\.m\\?js/,
      },
      {
        "oneOf": [
          {
            "exclude": [
              /\\\\\\.\\(js\\|mjs\\|cjs\\|jsx\\)\\$/,
              /\\\\\\.\\(ts\\|mts\\|cts\\|tsx\\)\\$/,
              /\\\\\\.html\\$/,
              /\\\\\\.json\\$/,
            ],
            "type": "asset/resource",
          },
        ],
      },
    ],
  },
  "name": "client",
  "output": {
    "chunkFilename": "static/js/async/[name].js",
    "filename": "static/js/[name].js",
    "hashFunction": "xxhash64",
    "path": "<ROOT>/packages/builder/webpack-builder/dist",
    "publicPath": "/",
  },
  "plugins": [
    MiniCssExtractPlugin {
      "_sortedModulesCache": WeakMap {},
      "options": {
        "chunkFilename": "static/css/[name].css",
        "experimentalUseImportModule": undefined,
        "filename": "static/css/[name].css",
        "ignoreOrder": true,
        "runtime": true,
      },
      "runtimeOptions": {
        "attributes": undefined,
        "insert": undefined,
        "linkType": "text/css",
      },
    },
    IgnorePlugin {
      "checkIgnore": [Function],
      "options": {
        "contextRegExp": /moment\\$/,
        "resourceRegExp": /\\^\\\\\\.\\\\/locale\\$/,
      },
    },
    WebpackManifestPlugin {
      "options": {
        "assetHookStage": Infinity,
        "basePath": "",
        "fileName": "asset-manifest.json",
        "filter": null,
        "generate": [Function],
        "map": null,
        "publicPath": "/",
        "removeKeyHash": /\\(\\[a-f0-9\\]\\{16,32\\}\\\\\\.\\?\\)/gi,
        "seed": undefined,
        "serialize": [Function],
        "sort": null,
        "transformExtensions": /\\^\\(gz\\|map\\)\\$/i,
        "useEntryKeys": false,
        "useLegacyEmit": false,
        "writeToFileEmit": false,
      },
    },
  ],
  "resolve": {
    "extensions": [
      ".web.mjs",
      ".mjs",
      ".web.js",
      ".js",
      ".web.jsx",
      ".jsx",
      ".web.json",
      ".json",
    ],
  },
}
`;
