// Vitest Snapshot v1

exports[`plugins/css > should override browserslist of autoprefixer when using output.overrideBrowserslist config 1`] = `
{
  "module": {
    "rules": [
      {
        "sideEffects": true,
        "test": /\\\\\\.css\\$/,
        "use": [
          {
            "loader": "<ROOT>/node_modules/<PNPM_INNER>/mini-css-extract-plugin/dist/loader.js",
          },
          {
            "loader": "<ROOT>/packages/builder/webpack-builder/compiled/css-loader",
            "options": {
              "importLoaders": 1,
              "modules": {
                "auto": true,
                "exportLocalsConvention": "camelCase",
                "exportOnlyLocals": false,
                "localIdentName": "[path][name]__[local]--[hash:base64:5]",
              },
              "sourceMap": false,
            },
          },
          {
            "loader": "<ROOT>/packages/builder/webpack-builder/compiled/postcss-loader",
            "options": {
              "postcssOptions": {
                "plugins": [
                  [Function],
                  [Function],
                  [Function],
                  [Function],
                  [Function],
                  [Function],
                  [Function],
                  {
                    "browsers": [
                      "Chrome 80",
                    ],
                    "info": [Function],
                    "options": {
                      "flexbox": "no-2009",
                      "overrideBrowserslist": [
                        "Chrome 80",
                      ],
                    },
                    "postcssPlugin": "autoprefixer",
                    "prepare": [Function],
                  },
                ],
              },
              "sourceMap": false,
            },
          },
        ],
      },
    ],
  },
}
`;
